------------------------
TTKtessellation log file
------------------------

 --- INPUT ---

Working file:       /home/alexandre/Documents/sample/XDMF-H5/AGE467-555_llsvp_vp00073.xdmf
File dtype:         xdmf
pointArray loaded:  Cartesian Velocity, Pressure, Spherical Velocity, PointID
velocityField name: Cartesian Velocity
paraview version declared : 5.11

 --- PROCESSING ---

Gradient name:           GSV
Mag Gradient name:       magGSV
normalize Mag Gradient:  False
Detected persistenceMin: 0.0
Detected persistenceMax: 1005762.3308665286
Imposed persistenceMin:  2000
Imposed persistenceMax:  None
Morse complex:           ascending
Number of plates:        442

 --- OUTPUT ---

Working path:    /home/alexandre/Documents/sample/1-Tessellation/TTK_outputs/p02000/
Output data available on path:
    - Surfaces directory: Surfaces_AGE467-555_llsvp_vp00073
       -> The directory for surfaces files already exist: cleaning
    - Edges directory: Edges_AGE467-555_llsvp_vp00073
       -> The directory for edges files already exist: cleaning
    - Boundary file:   1SeparatriceGeom_AGE467-555_llsvp_vp00073.csv
    - Log file:        /home/alexandre/Documents/sample/1-Tessellation/TTK_outputs/p02000/TTKtessellation_AGE467-555_llsvp_vp00073.log
